[
  {
    "tag": "main",
    "attrs": {
      "class": "transition-fade"
    },
    "content": [
      "\n        \n",
      {
        "tag": "div",
        "attrs": {
          "class": "container"
        },
        "content": [
          "\n  ",
          {
            "tag": "h1",
            "attrs": {
              "class": "title"
            },
            "content": [
              "Talks"
            ]
          },
          "\n  \n",
          {
            "tag": "div",
            "attrs": {
              "class": "grid grid--large"
            },
            "content": [
              "\n  \n",
              {
                "tag": "article",
                "attrs": {
                  "class": ""
                },
                "content": [
                  "\n  ",
                  {
                    "tag": "a",
                    "attrs": {
                      "class": "reset link"
                    },
                    "content": [
                      "\n    ",
                      {
                        "tag": "figure",
                        "attrs": {
                          "class": "media"
                        },
                        "content": [
                          "\n      \n",
                          {
                            "tag": "picture",
                            "attrs": {
                              "class": ""
                            },
                            "content": [
                              "\n  ",
                              {
                                "tag": "source",
                                "attrs": {
                                  "class": ""
                                }
                              },
                              {
                                "tag": "source",
                                "attrs": {
                                  "class": ""
                                }
                              },
                              {
                                "tag": "source",
                                "attrs": {
                                  "class": ""
                                }
                              },
                              {
                                "tag": "source",
                                "attrs": {
                                  "class": ""
                                }
                              },
                              {
                                "tag": "source",
                                "attrs": {
                                  "class": ""
                                }
                              },
                              {
                                "tag": "source",
                                "attrs": {
                                  "class": ""
                                }
                              },
                              {
                                "tag": "img",
                                "attrs": {
                                  "class": "image"
                                }
                              },
                              "\n"
                            ]
                          },
                          "\n\n\n\n    "
                        ]
                      },
                      "\n    ",
                      {
                        "tag": "div",
                        "attrs": {
                          "class": "content"
                        },
                        "content": [
                          "\n      ",
                          {
                            "tag": "h2",
                            "attrs": {
                              "class": "title"
                            },
                            "content": [
                              "\n        JSWORLD Conference 2022\n      "
                            ]
                          },
                          "\n      ",
                          {
                            "tag": "p",
                            "attrs": {
                              "class": "subtitle"
                            },
                            "content": [
                              "Why are Container Queries such a helpful new feature for component-based front-end architectures? At JSWORLD Conference 2022, I talked about what Container Queries are, how they improve interoperable styling and how you can experiment with 'm today."
                            ]
                          },
                          "\n      ",
                          {
                            "tag": "div",
                            "attrs": {
                              "class": "meta"
                            },
                            "content": [
                              "\n        ",
                              {
                                "tag": "time",
                                "attrs": {
                                  "class": ""
                                },
                                "content": [
                                  "2022 02 10"
                                ]
                              },
                              "\n        ",
                              {
                                "tag": "div",
                                "attrs": {
                                  "class": "category"
                                },
                                "content": [
                                  "Talks"
                                ]
                              },
                              "\n      "
                            ]
                          },
                          "\n    "
                        ]
                      },
                      "\n  "
                    ]
                  },
                  "\n"
                ]
              },
              "\n\n\n\n",
              {
                "tag": "article",
                "attrs": {
                  "class": ""
                },
                "content": [
                  "\n  ",
                  {
                    "tag": "a",
                    "attrs": {
                      "class": "reset link"
                    },
                    "content": [
                      "\n    ",
                      {
                        "tag": "figure",
                        "attrs": {
                          "class": "media"
                        },
                        "content": [
                          "\n      \n",
                          {
                            "tag": "picture",
                            "attrs": {
                              "class": ""
                            },
                            "content": [
                              "\n  ",
                              {
                                "tag": "source",
                                "attrs": {
                                  "class": ""
                                }
                              },
                              {
                                "tag": "source",
                                "attrs": {
                                  "class": ""
                                }
                              },
                              {
                                "tag": "source",
                                "attrs": {
                                  "class": ""
                                }
                              },
                              {
                                "tag": "source",
                                "attrs": {
                                  "class": ""
                                }
                              },
                              {
                                "tag": "source",
                                "attrs": {
                                  "class": ""
                                }
                              },
                              {
                                "tag": "source",
                                "attrs": {
                                  "class": ""
                                }
                              },
                              {
                                "tag": "img",
                                "attrs": {
                                  "class": "image"
                                }
                              },
                              "\n"
                            ]
                          },
                          "\n\n\n\n    "
                        ]
                      },
                      "\n    ",
                      {
                        "tag": "div",
                        "attrs": {
                          "class": "content"
                        },
                        "content": [
                          "\n      ",
                          {
                            "tag": "h2",
                            "attrs": {
                              "class": "title"
                            },
                            "content": [
                              "\n        API Specification Conference 2021\n      "
                            ]
                          },
                          "\n      ",
                          {
                            "tag": "p",
                            "attrs": {
                              "class": "subtitle"
                            },
                            "content": [
                              "In the talk \"Frontend ♥︎ OpenAPI\", I show how the OpenAPI specification can so much speed up your Front End workflow."
                            ]
                          },
                          "\n      ",
                          {
                            "tag": "div",
                            "attrs": {
                              "class": "meta"
                            },
                            "content": [
                              "\n        ",
                              {
                                "tag": "time",
                                "attrs": {
                                  "class": ""
                                },
                                "content": [
                                  "2021 09 29"
                                ]
                              },
                              "\n        ",
                              {
                                "tag": "div",
                                "attrs": {
                                  "class": "category"
                                },
                                "content": [
                                  "Talks"
                                ]
                              },
                              "\n      "
                            ]
                          },
                          "\n    "
                        ]
                      },
                      "\n  "
                    ]
                  },
                  "\n"
                ]
              },
              "\n\n\n\n",
              {
                "tag": "article",
                "attrs": {
                  "class": ""
                },
                "content": [
                  "\n  ",
                  {
                    "tag": "a",
                    "attrs": {
                      "class": "reset link"
                    },
                    "content": [
                      "\n    ",
                      {
                        "tag": "figure",
                        "attrs": {
                          "class": "media"
                        },
                        "content": [
                          "\n      \n",
                          {
                            "tag": "picture",
                            "attrs": {
                              "class": ""
                            },
                            "content": [
                              "\n  ",
                              {
                                "tag": "source",
                                "attrs": {
                                  "class": ""
                                }
                              },
                              {
                                "tag": "source",
                                "attrs": {
                                  "class": ""
                                }
                              },
                              {
                                "tag": "source",
                                "attrs": {
                                  "class": ""
                                }
                              },
                              {
                                "tag": "source",
                                "attrs": {
                                  "class": ""
                                }
                              },
                              {
                                "tag": "source",
                                "attrs": {
                                  "class": ""
                                }
                              },
                              {
                                "tag": "source",
                                "attrs": {
                                  "class": ""
                                }
                              },
                              {
                                "tag": "img",
                                "attrs": {
                                  "class": "image"
                                }
                              },
                              "\n"
                            ]
                          },
                          "\n\n\n\n    "
                        ]
                      },
                      "\n    ",
                      {
                        "tag": "div",
                        "attrs": {
                          "class": "content"
                        },
                        "content": [
                          "\n      ",
                          {
                            "tag": "h2",
                            "attrs": {
                              "class": "title"
                            },
                            "content": [
                              "\n        CodeMotion DevCast\n      "
                            ]
                          },
                          "\n      ",
                          {
                            "tag": "p",
                            "attrs": {
                              "class": "subtitle"
                            },
                            "content": [
                              "Container Queries are the next step towards a truly modular CSS, in the June 2021 episode of Codemotion's DevCast, I talked about why."
                            ]
                          },
                          "\n      ",
                          {
                            "tag": "div",
                            "attrs": {
                              "class": "meta"
                            },
                            "content": [
                              "\n        ",
                              {
                                "tag": "time",
                                "attrs": {
                                  "class": ""
                                },
                                "content": [
                                  "2021 06 15"
                                ]
                              },
                              "\n        ",
                              {
                                "tag": "div",
                                "attrs": {
                                  "class": "category"
                                },
                                "content": [
                                  "Talks"
                                ]
                              },
                              "\n      "
                            ]
                          },
                          "\n    "
                        ]
                      },
                      "\n  "
                    ]
                  },
                  "\n"
                ]
              },
              "\n\n\n\n",
              {
                "tag": "article",
                "attrs": {
                  "class": ""
                },
                "content": [
                  "\n  ",
                  {
                    "tag": "a",
                    "attrs": {
                      "class": "reset link"
                    },
                    "content": [
                      "\n    ",
                      {
                        "tag": "figure",
                        "attrs": {
                          "class": "media"
                        },
                        "content": [
                          "\n      \n",
                          {
                            "tag": "picture",
                            "attrs": {
                              "class": ""
                            },
                            "content": [
                              "\n  ",
                              {
                                "tag": "source",
                                "attrs": {
                                  "class": ""
                                }
                              },
                              {
                                "tag": "source",
                                "attrs": {
                                  "class": ""
                                }
                              },
                              {
                                "tag": "source",
                                "attrs": {
                                  "class": ""
                                }
                              },
                              {
                                "tag": "source",
                                "attrs": {
                                  "class": ""
                                }
                              },
                              {
                                "tag": "source",
                                "attrs": {
                                  "class": ""
                                }
                              },
                              {
                                "tag": "source",
                                "attrs": {
                                  "class": ""
                                }
                              },
                              {
                                "tag": "img",
                                "attrs": {
                                  "class": "image"
                                }
                              },
                              "\n"
                            ]
                          },
                          "\n\n\n\n    "
                        ]
                      },
                      "\n    ",
                      {
                        "tag": "div",
                        "attrs": {
                          "class": "content"
                        },
                        "content": [
                          "\n      ",
                          {
                            "tag": "h2",
                            "attrs": {
                              "class": "title"
                            },
                            "content": [
                              "\n        Tech Fair Live 2021\n      "
                            ]
                          },
                          "\n      ",
                          {
                            "tag": "p",
                            "attrs": {
                              "class": "subtitle"
                            },
                            "content": [
                              "Examples of how the OpenAPI specification can improve your Front End workflow."
                            ]
                          },
                          "\n      ",
                          {
                            "tag": "div",
                            "attrs": {
                              "class": "meta"
                            },
                            "content": [
                              "\n        ",
                              {
                                "tag": "time",
                                "attrs": {
                                  "class": ""
                                },
                                "content": [
                                  "2021 04 30"
                                ]
                              },
                              "\n        ",
                              {
                                "tag": "div",
                                "attrs": {
                                  "class": "category"
                                },
                                "content": [
                                  "Talks"
                                ]
                              },
                              "\n      "
                            ]
                          },
                          "\n    "
                        ]
                      },
                      "\n  "
                    ]
                  },
                  "\n"
                ]
              },
              "\n\n\n\n",
              {
                "tag": "article",
                "attrs": {
                  "class": ""
                },
                "content": [
                  "\n  ",
                  {
                    "tag": "a",
                    "attrs": {
                      "class": "reset link"
                    },
                    "content": [
                      "\n    ",
                      {
                        "tag": "figure",
                        "attrs": {
                          "class": "media"
                        },
                        "content": [
                          "\n      \n",
                          {
                            "tag": "picture",
                            "attrs": {
                              "class": ""
                            },
                            "content": [
                              "\n  ",
                              {
                                "tag": "source",
                                "attrs": {
                                  "class": ""
                                }
                              },
                              {
                                "tag": "source",
                                "attrs": {
                                  "class": ""
                                }
                              },
                              {
                                "tag": "source",
                                "attrs": {
                                  "class": ""
                                }
                              },
                              {
                                "tag": "source",
                                "attrs": {
                                  "class": ""
                                }
                              },
                              {
                                "tag": "source",
                                "attrs": {
                                  "class": ""
                                }
                              },
                              {
                                "tag": "source",
                                "attrs": {
                                  "class": ""
                                }
                              },
                              {
                                "tag": "img",
                                "attrs": {
                                  "class": "image"
                                }
                              },
                              "\n"
                            ]
                          },
                          "\n\n\n\n    "
                        ]
                      },
                      "\n    ",
                      {
                        "tag": "div",
                        "attrs": {
                          "class": "content"
                        },
                        "content": [
                          "\n      ",
                          {
                            "tag": "h2",
                            "attrs": {
                              "class": "title"
                            },
                            "content": [
                              "\n        Tech Tuesdays May 2020\n      "
                            ]
                          },
                          "\n      ",
                          {
                            "tag": "p",
                            "attrs": {
                              "class": "subtitle"
                            },
                            "content": [
                              "On the online meetup Tech Tuesdays, I shared my views on how the OpenAPI specification can help your Front-end workflow. (Talk in Dutch)"
                            ]
                          },
                          "\n      ",
                          {
                            "tag": "div",
                            "attrs": {
                              "class": "meta"
                            },
                            "content": [
                              "\n        ",
                              {
                                "tag": "time",
                                "attrs": {
                                  "class": ""
                                },
                                "content": [
                                  "2020 05 14"
                                ]
                              },
                              "\n        ",
                              {
                                "tag": "div",
                                "attrs": {
                                  "class": "category"
                                },
                                "content": [
                                  "Talks"
                                ]
                              },
                              "\n      "
                            ]
                          },
                          "\n    "
                        ]
                      },
                      "\n  "
                    ]
                  },
                  "\n"
                ]
              },
              "\n\n\n\n",
              {
                "tag": "article",
                "attrs": {
                  "class": ""
                },
                "content": [
                  "\n  ",
                  {
                    "tag": "a",
                    "attrs": {
                      "class": "reset link"
                    },
                    "content": [
                      "\n    ",
                      {
                        "tag": "figure",
                        "attrs": {
                          "class": "media"
                        },
                        "content": [
                          "\n      \n",
                          {
                            "tag": "picture",
                            "attrs": {
                              "class": ""
                            },
                            "content": [
                              "\n  ",
                              {
                                "tag": "source",
                                "attrs": {
                                  "class": ""
                                }
                              },
                              {
                                "tag": "source",
                                "attrs": {
                                  "class": ""
                                }
                              },
                              {
                                "tag": "source",
                                "attrs": {
                                  "class": ""
                                }
                              },
                              {
                                "tag": "source",
                                "attrs": {
                                  "class": ""
                                }
                              },
                              {
                                "tag": "source",
                                "attrs": {
                                  "class": ""
                                }
                              },
                              {
                                "tag": "source",
                                "attrs": {
                                  "class": ""
                                }
                              },
                              {
                                "tag": "img",
                                "attrs": {
                                  "class": "image"
                                }
                              },
                              "\n"
                            ]
                          },
                          "\n\n\n\n    "
                        ]
                      },
                      "\n    ",
                      {
                        "tag": "div",
                        "attrs": {
                          "class": "content"
                        },
                        "content": [
                          "\n      ",
                          {
                            "tag": "h2",
                            "attrs": {
                              "class": "title"
                            },
                            "content": [
                              "\n        Ministry of Testing EHV November '19\n      "
                            ]
                          },
                          "\n      ",
                          {
                            "tag": "p",
                            "attrs": {
                              "class": "subtitle"
                            },
                            "content": [
                              "At the inaugural Ministry of Testing meetup at Waes Eindhoven NL, I had the oppurtunity to show how OpenAPI can harden your front-end testing capabilities."
                            ]
                          },
                          "\n      ",
                          {
                            "tag": "div",
                            "attrs": {
                              "class": "meta"
                            },
                            "content": [
                              "\n        ",
                              {
                                "tag": "time",
                                "attrs": {
                                  "class": ""
                                },
                                "content": [
                                  "2019 11 11"
                                ]
                              },
                              "\n        ",
                              {
                                "tag": "div",
                                "attrs": {
                                  "class": "category"
                                },
                                "content": [
                                  "Talks"
                                ]
                              },
                              "\n      "
                            ]
                          },
                          "\n    "
                        ]
                      },
                      "\n  "
                    ]
                  },
                  "\n"
                ]
              },
              "\n\n\n\n"
            ]
          },
          "\n\n\n\n"
        ]
      },
      "\n\n\n\n      "
    ]
  }
]