[
  {
    "tag": "main",
    "attrs": {
      "class": "transition-fade"
    },
    "content": [
      "\n        ",
      {
        "tag": "article",
        "attrs": {
          "class": ""
        },
        "content": [
          "\n    ",
          {
            "tag": "div",
            "attrs": {
              "class": "container"
            },
            "content": [
              "\n      ",
              {
                "tag": "figure",
                "attrs": {
                  "class": "media"
                },
                "content": [
                  "\n        \n",
                  {
                    "tag": "picture",
                    "attrs": {
                      "class": ""
                    },
                    "content": [
                      "\n  ",
                      {
                        "tag": "source",
                        "attrs": {
                          "class": ""
                        }
                      },
                      {
                        "tag": "source",
                        "attrs": {
                          "class": ""
                        }
                      },
                      {
                        "tag": "source",
                        "attrs": {
                          "class": ""
                        }
                      },
                      {
                        "tag": "source",
                        "attrs": {
                          "class": ""
                        }
                      },
                      {
                        "tag": "source",
                        "attrs": {
                          "class": ""
                        }
                      },
                      {
                        "tag": "source",
                        "attrs": {
                          "class": ""
                        }
                      },
                      {
                        "tag": "source",
                        "attrs": {
                          "class": ""
                        }
                      },
                      {
                        "tag": "source",
                        "attrs": {
                          "class": ""
                        }
                      },
                      {
                        "tag": "source",
                        "attrs": {
                          "class": ""
                        }
                      },
                      {
                        "tag": "source",
                        "attrs": {
                          "class": ""
                        }
                      },
                      {
                        "tag": "source",
                        "attrs": {
                          "class": ""
                        }
                      },
                      {
                        "tag": "source",
                        "attrs": {
                          "class": ""
                        }
                      },
                      {
                        "tag": "img",
                        "attrs": {
                          "class": "image"
                        }
                      },
                      "\n"
                    ]
                  },
                  "\n\n\n\n      "
                ]
              },
              "\n      ",
              {
                "tag": "h1",
                "attrs": {
                  "class": "title"
                },
                "content": [
                  "Tech Fair Live 2021"
                ]
              },
              "\n      ",
              {
                "tag": "div",
                "attrs": {
                  "class": "meta"
                },
                "content": [
                  "\n        ",
                  {
                    "tag": "div",
                    "attrs": {
                      "class": "time-category"
                    },
                    "content": [
                      "\n          ",
                      {
                        "tag": "time",
                        "attrs": {
                          "class": ""
                        },
                        "content": [
                          "2021 04 30"
                        ]
                      },
                      "\n          ",
                      {
                        "tag": "div",
                        "attrs": {
                          "class": "category"
                        },
                        "content": [
                          "Talks"
                        ]
                      },
                      "\n        "
                    ]
                  },
                  "\n        ",
                  {
                    "tag": "div",
                    "attrs": {
                      "class": "links"
                    },
                    "content": [
                      "\n            ",
                      {
                        "tag": "a",
                        "attrs": {
                          "class": "external"
                        },
                        "content": [
                          "\n                Slides\n              "
                        ]
                      },
                      {
                        "tag": "a",
                        "attrs": {
                          "class": "external"
                        },
                        "content": [
                          "\n                Demo's\n              "
                        ]
                      },
                      {
                        "tag": "a",
                        "attrs": {
                          "class": "external"
                        },
                        "content": [
                          "\n                Video\n              "
                        ]
                      },
                      "\n          "
                    ]
                  },
                  "\n      "
                ]
              },
              "\n      ",
              {
                "tag": "div",
                "attrs": {
                  "class": "body"
                },
                "content": [
                  "\n        ",
                  {
                    "tag": "p",
                    "content": [
                      "At the first edition of the Tech Fair Live online conference, I shared examples of how and why the OpenAPI specification can improve your Front End workflow."
                    ]
                  },
                  "\n        ",
                  {
                    "tag": "hr",
                    "attrs": {
                      "class": ""
                    }
                  },
                  {
                    "tag": "div",
                    "attrs": {
                      "class": "credits clear-inner-spacing"
                    },
                    "content": [
                      "\n          \n",
                      {
                        "tag": "p",
                        "attrs": {
                          "class": ""
                        },
                        "content": [
                          "Background in thumbnail by ",
                          {
                            "tag": "a",
                            "attrs": {
                              "class": "external"
                            },
                            "content": [
                              "Pawel Czerwinski"
                            ]
                          },
                          " on ",
                          {
                            "tag": "a",
                            "attrs": {
                              "class": "external"
                            },
                            "content": [
                              "Unsplash"
                            ]
                          }
                        ]
                      },
                      "\n\n        "
                    ]
                  },
                  "\n      "
                ]
              },
              "\n    "
            ]
          },
          "\n  "
        ]
      },
      "\n      "
    ]
  }
]