[
  {
    "tag": "main",
    "attrs": {
      "class": "transition-fade"
    },
    "content": [
      "\n        \n",
      {
        "tag": "div",
        "attrs": {
          "class": "container"
        },
        "content": [
          "\n  ",
          {
            "tag": "h1",
            "attrs": {
              "class": "title"
            },
            "content": [
              "Publications"
            ]
          },
          "\n  \n",
          {
            "tag": "div",
            "attrs": {
              "class": "grid grid--large"
            },
            "content": [
              "\n  \n",
              {
                "tag": "article",
                "attrs": {
                  "class": ""
                },
                "content": [
                  "\n  ",
                  {
                    "tag": "a",
                    "attrs": {
                      "class": "reset link"
                    },
                    "content": [
                      "\n    ",
                      {
                        "tag": "figure",
                        "attrs": {
                          "class": "media"
                        },
                        "content": [
                          "\n      \n",
                          {
                            "tag": "picture",
                            "attrs": {
                              "class": ""
                            },
                            "content": [
                              "\n  ",
                              {
                                "tag": "source",
                                "attrs": {
                                  "class": ""
                                }
                              },
                              {
                                "tag": "source",
                                "attrs": {
                                  "class": ""
                                }
                              },
                              {
                                "tag": "source",
                                "attrs": {
                                  "class": ""
                                }
                              },
                              {
                                "tag": "source",
                                "attrs": {
                                  "class": ""
                                }
                              },
                              {
                                "tag": "source",
                                "attrs": {
                                  "class": ""
                                }
                              },
                              {
                                "tag": "source",
                                "attrs": {
                                  "class": ""
                                }
                              },
                              {
                                "tag": "img",
                                "attrs": {
                                  "class": "image"
                                }
                              },
                              "\n"
                            ]
                          },
                          "\n\n\n\n    "
                        ]
                      },
                      "\n    ",
                      {
                        "tag": "div",
                        "attrs": {
                          "class": "content"
                        },
                        "content": [
                          "\n      ",
                          {
                            "tag": "h2",
                            "attrs": {
                              "class": "title"
                            },
                            "content": [
                              "\n        Open Source Manifesto\n      "
                            ]
                          },
                          "\n      ",
                          {
                            "tag": "p",
                            "attrs": {
                              "class": "subtitle"
                            },
                            "content": [
                              "Enabling ISAAC developers to give back to the OSS community"
                            ]
                          },
                          "\n      ",
                          {
                            "tag": "div",
                            "attrs": {
                              "class": "meta"
                            },
                            "content": [
                              "\n        ",
                              {
                                "tag": "time",
                                "attrs": {
                                  "class": ""
                                },
                                "content": [
                                  "2020 09 07"
                                ]
                              },
                              "\n        ",
                              {
                                "tag": "div",
                                "attrs": {
                                  "class": "category"
                                },
                                "content": [
                                  "Publications"
                                ]
                              },
                              "\n      "
                            ]
                          },
                          "\n    "
                        ]
                      },
                      "\n  "
                    ]
                  },
                  "\n"
                ]
              },
              "\n\n\n\n"
            ]
          },
          "\n\n\n\n"
        ]
      },
      "\n\n\n\n      "
    ]
  }
]