[
  {
    "tag": "main",
    "attrs": {
      "class": "transition-fade"
    },
    "content": [
      " ",
      {
        "tag": "article",
        "attrs": {
          "class": ""
        },
        "content": [
          " ",
          {
            "tag": "div",
            "attrs": {
              "class": "container"
            },
            "content": [
              " ",
              {
                "tag": "figure",
                "attrs": {
                  "class": "media"
                },
                "content": [
                  " ",
                  {
                    "tag": "picture",
                    "attrs": {
                      "class": ""
                    },
                    "content": [
                      " ",
                      {
                        "tag": "source",
                        "attrs": {
                          "class": ""
                        }
                      },
                      {
                        "tag": "source",
                        "attrs": {
                          "class": ""
                        }
                      },
                      {
                        "tag": "source",
                        "attrs": {
                          "class": ""
                        }
                      },
                      {
                        "tag": "source",
                        "attrs": {
                          "class": ""
                        }
                      },
                      {
                        "tag": "source",
                        "attrs": {
                          "class": ""
                        }
                      },
                      {
                        "tag": "source",
                        "attrs": {
                          "class": ""
                        }
                      },
                      {
                        "tag": "source",
                        "attrs": {
                          "class": ""
                        }
                      },
                      {
                        "tag": "source",
                        "attrs": {
                          "class": ""
                        }
                      },
                      {
                        "tag": "source",
                        "attrs": {
                          "class": ""
                        }
                      },
                      {
                        "tag": "source",
                        "attrs": {
                          "class": ""
                        }
                      },
                      {
                        "tag": "source",
                        "attrs": {
                          "class": ""
                        }
                      },
                      {
                        "tag": "source",
                        "attrs": {
                          "class": ""
                        }
                      },
                      {
                        "tag": "img",
                        "attrs": {
                          "class": "image"
                        }
                      },
                      " "
                    ]
                  },
                  " "
                ]
              },
              " ",
              {
                "tag": "h1",
                "attrs": {
                  "class": "title"
                },
                "content": [
                  "ISAAC"
                ]
              },
              " ",
              {
                "tag": "div",
                "attrs": {
                  "class": "meta"
                },
                "content": [
                  " ",
                  {
                    "tag": "div",
                    "attrs": {
                      "class": "time-category"
                    },
                    "content": [
                      " ",
                      {
                        "tag": "time",
                        "attrs": {
                          "class": ""
                        },
                        "content": [
                          "2019 05 20"
                        ]
                      },
                      " ",
                      {
                        "tag": "div",
                        "attrs": {
                          "class": "category"
                        },
                        "content": [
                          "Experience"
                        ]
                      },
                      " "
                    ]
                  },
                  " "
                ]
              },
              " ",
              {
                "tag": "div",
                "attrs": {
                  "class": "body"
                },
                "content": [
                  " ",
                  {
                    "tag": "p",
                    "content": [
                      "ISAAC, based in Eindhoven NL, is a fullservice digital agency fond of delivering e-business solutions for complex questions. ISAAC excels at e-commerce, e-finance, Artificial Intelligence &amp; Virtual Reality."
                    ]
                  },
                  " ",
                  {
                    "tag": "p",
                    "content": [
                      "Starting in May 2019, I’ve joined the front-end team at ISAAC to built awesome web-experiences. I focus mostly on implementing ",
                      {
                        "tag": "a",
                        "attrs": {
                          "class": "external"
                        },
                        "content": [
                          "Vue.js"
                        ]
                      },
                      " &amp; ",
                      {
                        "tag": "a",
                        "attrs": {
                          "class": "external"
                        },
                        "content": [
                          "Nuxt"
                        ]
                      },
                      " in enterprise level web applications. ISAAC has proven its skills by being crowned ",
                      {
                        "tag": "strong",
                        "content": [
                          "#1 Fullservice Digital Agency"
                        ]
                      },
                      " 2 consecutive years in a row in 2018 and 2019. In 2020 ISAAC became part of the West-European full-service powerhouse ",
                      {
                        "tag": "a",
                        "attrs": {
                          "class": "external"
                        },
                        "content": [
                          "Intracto Group"
                        ]
                      },
                      "."
                    ]
                  },
                  " ",
                  {
                    "tag": "p",
                    "content": [
                      "As a profound advocate for qualitative ",
                      {
                        "tag": "strong",
                        "content": [
                          "U"
                        ]
                      },
                      "ser e",
                      {
                        "tag": "strong",
                        "content": [
                          "X"
                        ]
                      },
                      "periences, I quickly joined the ISAAC Testing Guild, cross-company group featuring members from all specialisations which ISAAC has to offer, where best practices around testing software are researched, documented and offered to the entire ISAAC team."
                    ]
                  },
                  " ",
                  {
                    "tag": "h2",
                    "attrs": {
                      "id": "open-source"
                    },
                    "content": [
                      "Open Source"
                    ]
                  },
                  " ",
                  {
                    "tag": "p",
                    "content": [
                      "A company like ISAAC, one that provides and builds large-scale software solutions, relies daily on Open Source Software. Without it, we, let alone the modern world, wouldn’t be standing where we are today. The foundation of the entire modern economy is maintained by passionate developers who care and who are eager to share their solutions with others."
                    ]
                  },
                  " ",
                  {
                    "tag": "p",
                    "content": [
                      "ISAAC believes that a passion for open source, open standards and contributing to ‘the community’ is a valuable part of a modern-day developer’s life and why it, as an enterprise, has the obligation to give back to the Open Source."
                    ]
                  },
                  " ",
                  {
                    "tag": "p",
                    "content": [
                      "Together with ",
                      {
                        "tag": "a",
                        "attrs": {
                          "class": "external"
                        },
                        "content": [
                          "Friso Geerlings"
                        ]
                      },
                      " (CTO), ",
                      {
                        "tag": "a",
                        "attrs": {
                          "class": "external"
                        },
                        "content": [
                          "Koen Peters"
                        ]
                      },
                      " (Technical Director Front-end) and ",
                      {
                        "tag": "a",
                        "attrs": {
                          "class": "external"
                        },
                        "content": [
                          "Jelle Raaijmakers"
                        ]
                      },
                      " (former Technical Director PHP), we’ve penned down our vision and mission towards the Open Source Community. This has resulted in the ",
                      {
                        "tag": "a",
                        "attrs": {
                          "class": "external"
                        },
                        "content": [
                          "ISAAC Open Source Manifesto"
                        ]
                      },
                      "."
                    ]
                  },
                  " ",
                  {
                    "tag": "p",
                    "content": [
                      "Because of the clear benefits in our day-to-day workflows and all-round Developer Experience, this manifesto now offers our developers the opportunity to dedicate time to Open Source Software. To raise awareness with, I’ve been giving the opportunity to host Lunch ‘n Learns and co-organize the first company-wide Open Source Contribution Day, a virtual hackathon dedicated to contributing to Open Source Software where participants were received a whole workday to contribute to their favorite Open Source projects."
                    ]
                  },
                  " "
                ]
              },
              " "
            ]
          },
          " "
        ]
      },
      " "
    ]
  }
]