[
  {
    "tag": "main",
    "attrs": {
      "class": "transition-fade"
    },
    "content": [
      " ",
      {
        "tag": "div",
        "attrs": {
          "class": "container"
        },
        "content": [
          " ",
          {
            "tag": "h1",
            "attrs": {
              "class": "title"
            },
            "content": [
              "Talks"
            ]
          },
          " ",
          {
            "tag": "div",
            "attrs": {
              "class": "grid grid--large"
            },
            "content": [
              " ",
              {
                "tag": "article",
                "attrs": {
                  "class": ""
                },
                "content": [
                  " ",
                  {
                    "tag": "a",
                    "attrs": {
                      "class": "reset link"
                    },
                    "content": [
                      " ",
                      {
                        "tag": "figure",
                        "attrs": {
                          "class": "media"
                        },
                        "content": [
                          " ",
                          {
                            "tag": "picture",
                            "attrs": {
                              "class": ""
                            },
                            "content": [
                              " ",
                              {
                                "tag": "source",
                                "attrs": {
                                  "class": ""
                                }
                              },
                              {
                                "tag": "source",
                                "attrs": {
                                  "class": ""
                                }
                              },
                              {
                                "tag": "source",
                                "attrs": {
                                  "class": ""
                                }
                              },
                              {
                                "tag": "source",
                                "attrs": {
                                  "class": ""
                                }
                              },
                              {
                                "tag": "source",
                                "attrs": {
                                  "class": ""
                                }
                              },
                              {
                                "tag": "source",
                                "attrs": {
                                  "class": ""
                                }
                              },
                              {
                                "tag": "img",
                                "attrs": {
                                  "class": "image"
                                }
                              },
                              " "
                            ]
                          },
                          " "
                        ]
                      },
                      " ",
                      {
                        "tag": "div",
                        "attrs": {
                          "class": "content"
                        },
                        "content": [
                          " ",
                          {
                            "tag": "h2",
                            "attrs": {
                              "class": "title"
                            },
                            "content": [
                              " JSWORLD Conference 2022 "
                            ]
                          },
                          " ",
                          {
                            "tag": "p",
                            "attrs": {
                              "class": "subtitle"
                            },
                            "content": [
                              "Why are Container Queries such a helpful new feature for component-based front-end architectures? At JSWORLD Conference 2022, I talked about what Container Queries are, how they improve interoperable styling and how you can experiment with 'm today."
                            ]
                          },
                          " ",
                          {
                            "tag": "div",
                            "attrs": {
                              "class": "meta"
                            },
                            "content": [
                              " ",
                              {
                                "tag": "time",
                                "attrs": {
                                  "class": ""
                                },
                                "content": [
                                  "2022 02 10"
                                ]
                              },
                              " ",
                              {
                                "tag": "div",
                                "attrs": {
                                  "class": "category"
                                },
                                "content": [
                                  "Talks"
                                ]
                              },
                              " "
                            ]
                          },
                          " "
                        ]
                      },
                      " "
                    ]
                  },
                  " "
                ]
              },
              " ",
              {
                "tag": "article",
                "attrs": {
                  "class": ""
                },
                "content": [
                  " ",
                  {
                    "tag": "a",
                    "attrs": {
                      "class": "reset link"
                    },
                    "content": [
                      " ",
                      {
                        "tag": "figure",
                        "attrs": {
                          "class": "media"
                        },
                        "content": [
                          " ",
                          {
                            "tag": "picture",
                            "attrs": {
                              "class": ""
                            },
                            "content": [
                              " ",
                              {
                                "tag": "source",
                                "attrs": {
                                  "class": ""
                                }
                              },
                              {
                                "tag": "source",
                                "attrs": {
                                  "class": ""
                                }
                              },
                              {
                                "tag": "source",
                                "attrs": {
                                  "class": ""
                                }
                              },
                              {
                                "tag": "source",
                                "attrs": {
                                  "class": ""
                                }
                              },
                              {
                                "tag": "source",
                                "attrs": {
                                  "class": ""
                                }
                              },
                              {
                                "tag": "source",
                                "attrs": {
                                  "class": ""
                                }
                              },
                              {
                                "tag": "img",
                                "attrs": {
                                  "class": "image"
                                }
                              },
                              " "
                            ]
                          },
                          " "
                        ]
                      },
                      " ",
                      {
                        "tag": "div",
                        "attrs": {
                          "class": "content"
                        },
                        "content": [
                          " ",
                          {
                            "tag": "h2",
                            "attrs": {
                              "class": "title"
                            },
                            "content": [
                              " API Specification Conference 2021 "
                            ]
                          },
                          " ",
                          {
                            "tag": "p",
                            "attrs": {
                              "class": "subtitle"
                            },
                            "content": [
                              "In the talk \"Frontend ♥︎ OpenAPI\", I show how the OpenAPI specification can so much speed up your Front End workflow."
                            ]
                          },
                          " ",
                          {
                            "tag": "div",
                            "attrs": {
                              "class": "meta"
                            },
                            "content": [
                              " ",
                              {
                                "tag": "time",
                                "attrs": {
                                  "class": ""
                                },
                                "content": [
                                  "2021 09 29"
                                ]
                              },
                              " ",
                              {
                                "tag": "div",
                                "attrs": {
                                  "class": "category"
                                },
                                "content": [
                                  "Talks"
                                ]
                              },
                              " "
                            ]
                          },
                          " "
                        ]
                      },
                      " "
                    ]
                  },
                  " "
                ]
              },
              " ",
              {
                "tag": "article",
                "attrs": {
                  "class": ""
                },
                "content": [
                  " ",
                  {
                    "tag": "a",
                    "attrs": {
                      "class": "reset link"
                    },
                    "content": [
                      " ",
                      {
                        "tag": "figure",
                        "attrs": {
                          "class": "media"
                        },
                        "content": [
                          " ",
                          {
                            "tag": "picture",
                            "attrs": {
                              "class": ""
                            },
                            "content": [
                              " ",
                              {
                                "tag": "source",
                                "attrs": {
                                  "class": ""
                                }
                              },
                              {
                                "tag": "source",
                                "attrs": {
                                  "class": ""
                                }
                              },
                              {
                                "tag": "source",
                                "attrs": {
                                  "class": ""
                                }
                              },
                              {
                                "tag": "source",
                                "attrs": {
                                  "class": ""
                                }
                              },
                              {
                                "tag": "source",
                                "attrs": {
                                  "class": ""
                                }
                              },
                              {
                                "tag": "source",
                                "attrs": {
                                  "class": ""
                                }
                              },
                              {
                                "tag": "img",
                                "attrs": {
                                  "class": "image"
                                }
                              },
                              " "
                            ]
                          },
                          " "
                        ]
                      },
                      " ",
                      {
                        "tag": "div",
                        "attrs": {
                          "class": "content"
                        },
                        "content": [
                          " ",
                          {
                            "tag": "h2",
                            "attrs": {
                              "class": "title"
                            },
                            "content": [
                              " CodeMotion DevCast "
                            ]
                          },
                          " ",
                          {
                            "tag": "p",
                            "attrs": {
                              "class": "subtitle"
                            },
                            "content": [
                              "Container Queries are the next step towards a truly modular CSS, in the June 2021 episode of Codemotion's DevCast, I talked about why."
                            ]
                          },
                          " ",
                          {
                            "tag": "div",
                            "attrs": {
                              "class": "meta"
                            },
                            "content": [
                              " ",
                              {
                                "tag": "time",
                                "attrs": {
                                  "class": ""
                                },
                                "content": [
                                  "2021 06 15"
                                ]
                              },
                              " ",
                              {
                                "tag": "div",
                                "attrs": {
                                  "class": "category"
                                },
                                "content": [
                                  "Talks"
                                ]
                              },
                              " "
                            ]
                          },
                          " "
                        ]
                      },
                      " "
                    ]
                  },
                  " "
                ]
              },
              " ",
              {
                "tag": "article",
                "attrs": {
                  "class": ""
                },
                "content": [
                  " ",
                  {
                    "tag": "a",
                    "attrs": {
                      "class": "reset link"
                    },
                    "content": [
                      " ",
                      {
                        "tag": "figure",
                        "attrs": {
                          "class": "media"
                        },
                        "content": [
                          " ",
                          {
                            "tag": "picture",
                            "attrs": {
                              "class": ""
                            },
                            "content": [
                              " ",
                              {
                                "tag": "source",
                                "attrs": {
                                  "class": ""
                                }
                              },
                              {
                                "tag": "source",
                                "attrs": {
                                  "class": ""
                                }
                              },
                              {
                                "tag": "source",
                                "attrs": {
                                  "class": ""
                                }
                              },
                              {
                                "tag": "source",
                                "attrs": {
                                  "class": ""
                                }
                              },
                              {
                                "tag": "source",
                                "attrs": {
                                  "class": ""
                                }
                              },
                              {
                                "tag": "source",
                                "attrs": {
                                  "class": ""
                                }
                              },
                              {
                                "tag": "img",
                                "attrs": {
                                  "class": "image"
                                }
                              },
                              " "
                            ]
                          },
                          " "
                        ]
                      },
                      " ",
                      {
                        "tag": "div",
                        "attrs": {
                          "class": "content"
                        },
                        "content": [
                          " ",
                          {
                            "tag": "h2",
                            "attrs": {
                              "class": "title"
                            },
                            "content": [
                              " Tech Fair Live 2021 "
                            ]
                          },
                          " ",
                          {
                            "tag": "p",
                            "attrs": {
                              "class": "subtitle"
                            },
                            "content": [
                              "Examples of how the OpenAPI specification can improve your Front End workflow."
                            ]
                          },
                          " ",
                          {
                            "tag": "div",
                            "attrs": {
                              "class": "meta"
                            },
                            "content": [
                              " ",
                              {
                                "tag": "time",
                                "attrs": {
                                  "class": ""
                                },
                                "content": [
                                  "2021 04 30"
                                ]
                              },
                              " ",
                              {
                                "tag": "div",
                                "attrs": {
                                  "class": "category"
                                },
                                "content": [
                                  "Talks"
                                ]
                              },
                              " "
                            ]
                          },
                          " "
                        ]
                      },
                      " "
                    ]
                  },
                  " "
                ]
              },
              " ",
              {
                "tag": "article",
                "attrs": {
                  "class": ""
                },
                "content": [
                  " ",
                  {
                    "tag": "a",
                    "attrs": {
                      "class": "reset link"
                    },
                    "content": [
                      " ",
                      {
                        "tag": "figure",
                        "attrs": {
                          "class": "media"
                        },
                        "content": [
                          " ",
                          {
                            "tag": "picture",
                            "attrs": {
                              "class": ""
                            },
                            "content": [
                              " ",
                              {
                                "tag": "source",
                                "attrs": {
                                  "class": ""
                                }
                              },
                              {
                                "tag": "source",
                                "attrs": {
                                  "class": ""
                                }
                              },
                              {
                                "tag": "source",
                                "attrs": {
                                  "class": ""
                                }
                              },
                              {
                                "tag": "source",
                                "attrs": {
                                  "class": ""
                                }
                              },
                              {
                                "tag": "source",
                                "attrs": {
                                  "class": ""
                                }
                              },
                              {
                                "tag": "source",
                                "attrs": {
                                  "class": ""
                                }
                              },
                              {
                                "tag": "img",
                                "attrs": {
                                  "class": "image"
                                }
                              },
                              " "
                            ]
                          },
                          " "
                        ]
                      },
                      " ",
                      {
                        "tag": "div",
                        "attrs": {
                          "class": "content"
                        },
                        "content": [
                          " ",
                          {
                            "tag": "h2",
                            "attrs": {
                              "class": "title"
                            },
                            "content": [
                              " Tech Tuesdays May 2020 "
                            ]
                          },
                          " ",
                          {
                            "tag": "p",
                            "attrs": {
                              "class": "subtitle"
                            },
                            "content": [
                              "On the online meetup Tech Tuesdays, I shared my views on how the OpenAPI specification can help your Front-end workflow. (Talk in Dutch)"
                            ]
                          },
                          " ",
                          {
                            "tag": "div",
                            "attrs": {
                              "class": "meta"
                            },
                            "content": [
                              " ",
                              {
                                "tag": "time",
                                "attrs": {
                                  "class": ""
                                },
                                "content": [
                                  "2020 05 14"
                                ]
                              },
                              " ",
                              {
                                "tag": "div",
                                "attrs": {
                                  "class": "category"
                                },
                                "content": [
                                  "Talks"
                                ]
                              },
                              " "
                            ]
                          },
                          " "
                        ]
                      },
                      " "
                    ]
                  },
                  " "
                ]
              },
              " ",
              {
                "tag": "article",
                "attrs": {
                  "class": ""
                },
                "content": [
                  " ",
                  {
                    "tag": "a",
                    "attrs": {
                      "class": "reset link"
                    },
                    "content": [
                      " ",
                      {
                        "tag": "figure",
                        "attrs": {
                          "class": "media"
                        },
                        "content": [
                          " ",
                          {
                            "tag": "picture",
                            "attrs": {
                              "class": ""
                            },
                            "content": [
                              " ",
                              {
                                "tag": "source",
                                "attrs": {
                                  "class": ""
                                }
                              },
                              {
                                "tag": "source",
                                "attrs": {
                                  "class": ""
                                }
                              },
                              {
                                "tag": "source",
                                "attrs": {
                                  "class": ""
                                }
                              },
                              {
                                "tag": "source",
                                "attrs": {
                                  "class": ""
                                }
                              },
                              {
                                "tag": "source",
                                "attrs": {
                                  "class": ""
                                }
                              },
                              {
                                "tag": "source",
                                "attrs": {
                                  "class": ""
                                }
                              },
                              {
                                "tag": "img",
                                "attrs": {
                                  "class": "image"
                                }
                              },
                              " "
                            ]
                          },
                          " "
                        ]
                      },
                      " ",
                      {
                        "tag": "div",
                        "attrs": {
                          "class": "content"
                        },
                        "content": [
                          " ",
                          {
                            "tag": "h2",
                            "attrs": {
                              "class": "title"
                            },
                            "content": [
                              " Ministry of Testing EHV November '19 "
                            ]
                          },
                          " ",
                          {
                            "tag": "p",
                            "attrs": {
                              "class": "subtitle"
                            },
                            "content": [
                              "At the inaugural Ministry of Testing meetup at Waes Eindhoven NL, I had the oppurtunity to show how OpenAPI can harden your front-end testing capabilities."
                            ]
                          },
                          " ",
                          {
                            "tag": "div",
                            "attrs": {
                              "class": "meta"
                            },
                            "content": [
                              " ",
                              {
                                "tag": "time",
                                "attrs": {
                                  "class": ""
                                },
                                "content": [
                                  "2019 11 11"
                                ]
                              },
                              " ",
                              {
                                "tag": "div",
                                "attrs": {
                                  "class": "category"
                                },
                                "content": [
                                  "Talks"
                                ]
                              },
                              " "
                            ]
                          },
                          " "
                        ]
                      },
                      " "
                    ]
                  },
                  " "
                ]
              },
              " "
            ]
          },
          " "
        ]
      },
      " "
    ]
  }
]